*** Using Compiler 'V6.24', folder: 'C:\Users\zhoujinyuan\AppData\Local\Keil_v5\ARM\ARMCLANG\Bin'
Build target 'standard_robot'
compiling list.c...
compiling freertos.c...
compiling main.c...
compiling stream_buffer.c...
compiling heap_4.c...
compiling stm32f4xx_it.c...
compiling croutine.c...
compiling event_groups.c...
compiling port.c...
compiling timers.c...
compiling queue.c...
compiling cmsis_os.c...
compiling bsp_flash.c...
compiling calibrate_task.c...
compiling CAN_receive.c...
compiling tasks.c...
compiling chassis_behaviour.c...
compiling detect_task.c...
compiling chassis_power_control.c...
compiling gimbal_behaviour.c...
compiling chassis_task.c...
compiling referee.c...
../application/oled_task.c(102): warning: passing 'char[5]' to parameter of type 'uint8_t *' (aka 'unsigned char *') converts between pointers to integer types where one is of the unique plain 'char' type and the other is not [-Wpointer-sign]
  102 |                 OLED_show_string(90, 27, "DBUS");
      |                                          ^~~~~~
../components/devices\oled.h(148): note: passing argument to parameter 'chr' here
  148 | extern void OLED_show_string(uint8_t row, uint8_t col, uint8_t *chr);
      |                                                                 ^
1 warning generated.
compiling oled_task.c...
../application/INS_task.c(35): warning: In file included from...../components/algorithm\ahrs.h(4): warning: In file included from...../components/algorithm\AHRS_MiddleWare.h(33): warning: redefinition of typedef 'bool_t' is a C11 feature [-Wtypedef-redefinition]
   33 | typedef unsigned char bool_t;
      |                       ^
../application\struct_typedef.h(15): note: previous definition is here
   15 | typedef unsigned char bool_t;
      |                       ^
../application/INS_task.c(35): warning: In file included from...../components/algorithm\ahrs.h(4): warning: In file included from...../components/algorithm\AHRS_MiddleWare.h(34): warning: redefinition of typedef 'fp32' is a C11 feature [-Wtypedef-redefinition]
   34 | typedef float fp32;
      |               ^
../application\struct_typedef.h(16): note: previous definition is here
   16 | typedef float fp32;
      |               ^
../application/INS_task.c(35): warning: In file included from...../components/algorithm\ahrs.h(4): warning: In file included from...../components/algorithm\AHRS_MiddleWare.h(35): warning: redefinition of typedef 'fp64' is a C11 feature [-Wtypedef-redefinition]
   35 | typedef double fp64;
      |                ^
../application\struct_typedef.h(17): note: previous definition is here
   17 | typedef double fp64;
      |                ^
3 warnings generated.
compiling INS_task.c...
compiling referee_usart_task.c...
compiling remote_control.c...
compiling gimbal_task.c...
compiling shoot.c...
compiling test_task.c...
compiling usb_task.c...
compiling voltage_task.c...
compiling led_flow_task.c...
compiling servo_task.c...
compiling BMI088Middleware.c...
compiling BMI088driver.c...
compiling OLED.c...
compiling user_lib.c...
compiling ist8310driver_middleware.c...
linking...
Program Size: Code=79132 RO-data=6856 RW-data=620 ZI-data=58252  
FromELF: creating hex file...
"standard_tpye_c\standard_tpye_c.axf" - 0 Error(s), 4 Warning(s).
Build Time Elapsed:  00:00:03
